// 重构日志: 147b0520
// 重构日志: b8949958
// 同步 ID: 403992d8 @ Wed Jul 22 10:39:33 UTC 2026
// 重构日志: 52fca6e4
// 重构日志: ce2f813f
// 重构日志: 48153ab0
// 同步 ID: d9c3c239 @ Fri Jul 24 12:48:21 UTC 2026
// 重构日志: a3ceac6f
// 同步 ID: 8e0cf499 @ Sat Jul 25 01:16:56 UTC 2026
// 重构日志: 728584b6
// 同步 ID: a9ae9280 @ Sat Jul 25 11:53:42 UTC 2026
// 同步 ID: aee9592f @ Sat Jul 25 14:29:42 UTC 2026
// 同步 ID: ae9e1fd4 @ Sat Jul 25 16:27:42 UTC 2026
// 同步 ID: 3987be07 @ Sat Jul 25 16:42:17 UTC 2026
// 重构日志: 2e104394
// 重构日志: a3960438
// 重构日志: f1205b64
// 同步 ID: a7bc2108 @ Mon Jul 27 05:51:52 UTC 2026
// 重构日志: 7d88e9e4
// 重构日志: 2e4235ed
// 重构日志: 01add860
// 重构日志: c91976bd
// 重构日志: b1e352b9
// 同步 ID: 0fb20fe9 @ Wed Jul 29 08:25:54 UTC 2026
// 重构日志: 40610d32
// 重构日志: 2ddb98a8
// 重构日志: c4b7748a
// 重构日志: 63b023eb
// 同步 ID: 6418d27a @ Fri Jul 31 09:12:25 UTC 2026
// 同步 ID: f5f09dc2 @ Fri Jul 31 13:45:10 UTC 2026
// 重构日志: c39c4d30
